[    0.000000] Initializing cgoup subss cpuse
[   0.000000] Initializing cgroup susys cu
[   .000000] Initializig cgoup subss cpuacc
[    0.000000] Linux version 4.4.0-104-generic buildd@gw1-amd64-027) (gcc version 5.4.0 20160609 (Ubunt 5.4.0-6ubuntu1~16.04.5) ) #127-Ubuntu SMP Mn Dec11 12:1650 UC 207 (Ubunt 4.4.0-14.127generic 4.498)
[    0.000000] KERNEL supported cpus:
[   0.00000]   Itel GenuneIntel
[    .00000]   MD uthenticAMD
[    0.000000]   NSC Geode by NSC
[    0.000000]   Cyrix CyrixInstead
[    0.000000]   Centaur CentaurHauls
[    0.000000]   Transmeta GenuineTMx86
[    0.000000]   Transmeta TransmetaCPU
[    0.000000]   UMC UMC UMC UMC
[    0.000000] x86/fpu: Legacy x87 FPU detected..
[    0.000000] x86/fpu: Using 'lazy' FPU context switches.
[    0.000000] e820: BIOS-provided physical RAM map:
[    0.000000] BIOS-e820: [mem 0x0000000000000000-0x000000000009fbff] usable
[    0.000000] BIOS-e820: [mem 0x000000000009fc00-0x000000000009ffff] reserved
[    0.000000] BIOS-e820: [mem 0x00000000000f0000-0x00000000000fffff] reserved
[    0.000000] BIOS-e820: [mem 0x0000000000100000-0x000000003ffeffff] usable
[    0.000000] BIOS-e820: [mem 0x000000003fff0000-0x000000003fffffff] ACPI data
[    0.000000] BIOS-e820: [mem 0x00000000fffc0000-0x00000000ffffffff] reserved
[    0.000000] NX (Execute Disable) protection: active
[    0.000000] SMBIOS 2.5 present.
[    0.000000] Hypervisor detected: KVM
[    0.000000] e820: last_pfn = 0x3fff0 max_arch_pfn = 0x1000000
[    0.000000] MTRR: Disabled
[    0.000000] x86/PAT: MTRRs disabled, skipping PAT initialization too.
[    0.000000] CPU MTRRs all blank - virtualized system.
[    0.000000] x86/PAT: Configuration [0-7]: WB  WT  UC- UC  WB  WT  UC- UC  
[    0.000000] found SMP MP-table at [mem 0x0009fff0-0x0009ffff] mapped at [c009fff0]
[    0.000000] Scanning 1 areas for low memory corruption
[    0.000000] RAMDISK: [mem 0x36af2000-0x37570fff]
[    0.000000] ACPI: Early table checksum verification disabled
[    0.000000] ACPI: RSDP 0x00000000000E0000 000024 (v02 VBOX  )
[    0.000000] ACPI: XSDT 0x000000003FFF0030 00003C (v01 VBOX   VBOXXSDT 00000001 ASL  00000061)
[    0.000000] ACPI: FACP 0x000000003FFF00F0 0000F4 (v04 VBOX   VBOXFACP 00000001 ASL  00000061)
[    0.000000] ACPI: DSDT 0x000000003FFF0470 001CEB (v01 VBOX   VBOXBIOS 00000002 INTL 20100528)
[    0.000000] ACPI: FACS 0x000000003FFF0200 000040
[    0.000000] ACPI: FACS 0x000000003FFF0200 000040
[    0.000000] ACPI: APIC 0x000000003FFF0240 00005C (v02 VBOX   VBOXAPIC 00000001 ASL  00000061)
[    0.000000] ACPI: SSDT 0x000000003FFF02A0 0001CC (v01 VBOX   VBOXCPUT 00000002 INTL 20100528)
[    0.000000] 131MB HIGHMEM available.
[    0.000000] 891MB LOWMEM available.
[    0.000000]   mapped low ram: 0 - 37bfe000
[    0.000000]   low ram: 0 - 37bfe000
[    0.000000] kvm-clock: Using msrs 4b564d01 and 4b564d00
[    0.000000] kvm-clock: cpu 0, msr 0:37bfd001, primary cpu clock
[    0.000000] kvm-clock: using sched offset of 4218429446 cycles
[    0.000000] clocksource: kvm-clock: mask: 0xffffffffffffffff max_cycles: 0x1cd42e4dffb, max_idle_ns: 881590591483 ns
[    0.000000] Zone ranges:
[    0.000000]   DMA      [mem 0x0000000000001000-0x0000000000ffffff]
[    0.000000]   Normal   [mem 0x0000000001000000-0x0000000037bfdfff]
[    0.000000]   HighMem  [mem 0x0000000037bfe000-0x000000003ffeffff]
[    0.000000] Movable zone start for each node
[    0.000000] Early memory node ranges
[    0.000000]   node   0: [mem 0x0000000000001000-0x000000000009efff]
[    0.000000]   node   0: [mem 0x0000000000100000-0x000000003ffeffff]
[    0.000000] Initmem setup node 0 [mem 0x0000000000001000-0x000000003ffeffff]
[    0.000000] Using APIC driver default
[    0.000000] ACPI: PM-Timer IO Port: 0x4008
[    0.000000] IOAPIC[0]: apic_id 2, version 17, address 0xfec00000, GSI 0-23
[    0.000000] ACPI: INT_SRC_OVR (bus 0 bus_irq 0 global_irq 2 dfl dfl)
[    0.000000] ACPI: INT_SRC_OVR (bus 0 bus_irq 9 global_irq 9 high level)
[    0.000000] Using ACPI (MADT) for SMP configuration information
[    0.000000] smpboot: Allowing 2 CPUs, 0 hotplug CPUs
[    0.000000] PM: Registered nosave memory: [mem 0x00000000-0x00000fff]
[    0.000000] PM: Registered nosave memory: [mem 0x0009f000-0x0009ffff]
[    0.000000] PM: Registered nosave memory: [mem 0x000a0000-0x000effff]
[    0.000000] PM: Registered nosave memory: [mem 0x000f0000-0x000fffff]
[    0.000000] e820: [mem 0x40000000-0xfffbffff] available for PCI devices
[    0.000000] Booting paravirtualized kernel on KVM
[    0.000000] clocksource: refined-jiffies: mask: 0xffffffff max_cycles: 0xffffffff, max_idle_ns: 7645519600211568 ns
[    0.000000] setup_percpu: NR_CPUS:8 nr_cpumask_bits:8 nr_cpu_ids:2 nr_node_ids:1
[    0.000000] PERCPU: Embedded 19 pages/cpu @f76b0000 s47308 r0 d30516 u77824
[    0.000000] PV qspinlock hash table entries: 512 (order: 0, 4096 bytes)
[    0.000000] Built 1 zonelists in Zone order, mobility grouping on.  Total pages: 259800
[    0.000000] Kernel command line: BOOT_IMAGE=/boot/vmlinuz-4.4.0-104-generic root=LABEL=cloudimg-rootfs ro console=tty1 console=ttyS0
[    0.000000] PID hash table entries: 4096 (order: 2, 16384 bytes)
[    0.000000] Dentry cache hash table entries: 131072 (order: 7, 524288 bytes)
[    0.000000] Inode-cache hash table entries: 65536 (order: 6, 262144 bytes)
[    0.000000] Initializing CPU#0
[    0.000000] Initializing HighMem for node 0 (00037bfe:0003fff0)
[    0.000000] Initializing Movable for node 0 (00000000:00000000)
[    0.000000] Memory: 1012180K/1048120K available (7970K kernel code, 767K rwdata, 3168K rodata, 940K init, 800K bss, 35940K reserved, 0K cma-reserved, 135112K highmem)
[    0.000000] virtual kernel memory layout:
[    0.000000]     fixmap  : 0xfff15000 - 0xfffff000   ( 936 kB)
[    0.000000]     pkmap   : 0xffc00000 - 0xffe00000   (2048 kB)
[    0.000000]     vmalloc : 0xf83fe000 - 0xffbfe000   ( 120 MB)
[    0.000000]     lowmem  : 0xc0000000 - 0xf7bfe000   ( 891 MB)
[    0.000000]       .init : 0xc1ba3000 - 0xc1c8e000   ( 940 kB)
[    0.000000]       .data : 0xc17c8bed - 0xc1ba1fc0   (3940 kB)
[    0.000000]       .text : 0xc1000000 - 0xc17c8bed   (7970 kB)
[    0.000000] Checking if this processor honours the WP bit even in superviso mode...Ok.
[    0.000000] SLUB: HWalign=64, Order=0-3, MinObjects=0, CPUs=2, Nodes=1
[    0.000000] Hierarchical RCU implementation.
[    0.000000] 	Build-time adjustment of leaf fanout to 32.
[    0.000000] 	RCU restricting CPUs from NR_CPUS=8 to nr_cpu_ids=2.
[    0.000000] RCU: Adjusting geometry for rcu_fanout_leaf=32, nr_cpu_ids=2
[    0.000000] NR_IRQS:2304 nr_irqs:440 16
[    0.000000] Console: colour VGA+ 80x25
[    0.000000] console [tty1] enabled
[    0.000000] console [ttyS0] enabled
[    0.000000] allocated 1048576 bytes of page_ext
[    0.000000] tsc: Detected 2393.880 MHz prcessor
[    2.616290] Calibrating delay loop (skipped) preset value.. 4787.76 BogoMIPS (lpj=9575520)
[    2.619960] pid_max: default: 32768 minimum: 301

[    2.622094] ACPI: Core revision 20150930
[    2.642931] ACPI: 2 ACPI AML tables successfully acquired and loaded
[    2.645853] Security Framework initialized
[    2.655652] Yama: becoming mindful.
[    2.662316] AppArmor: AppArmor initialized
[    2.665402] Mount-cache hash table entries: 2048 (order: 1, 8192 bytes)
[    2.675923] Mountpoint-cache hash table entries: 2048 (order: 1, 8192 bytes)
[    2.679179] Initializing cgroup subsys io
[    2.701712] Initializing cgroup subsys memory
[    2.703692] Initializing cgroup subsys devices
[    2.708012] Initializing cgroup subsys freezer
[    2.718350] Initializing cgroup subsys net_cls
[    2.720286] Initializing cgroup subsys perf_event
[    2.751250] Initializing cgroup subsys net_prio
[    2.795692] Initializing cgroup subsys hugetlb
[    2.823560] Initializing cgroup subsys pids
[    2.825654] CPU: Physical Processor ID: 0
[    2.847661] CPU: Processor Core ID: 0
[    2.874523] mce: CPU supports 0 MCE banks
[    2.876432] Last level iTLB entries: 4KB 128, 2MB 4, 4MB 4
[    2.878704] Last level dTLB entries: 4KB 256, 2MB 0, 4MB 32, 1GB 0
[    2.908629] Freeing SMP alternatives memory: 28K
[    2.944135] ftrace: allocating 31441 entries in 62 pages
[    3.048469] smpboot: APIC(0) Converting physical 0 to logical package 0
[    3.102408] smpboot: Max logical packages: 1
[    3.104328] Enabling APIC mode:  Flat.  Using 1 I/O APICs
[    3.109888] ..TIMER: vector=0x30 apic1=0 pin1=2 apic2=-1 pin2=-1
[    3.216308] smpboot: CPU0: Intel(R) Core(TM)2 Duo CPU     P8600  @ 2.40GHz (family: 0x6, model: 0x17, stepping: 0xa)
[    3.229255] Performance Events: unsupported p6 CPU model 23 no PMU driver, software events only.
[    3.233400] KVM setup paravirtual spinlock
[    3.237644] x86: Booting SMP configuration:
[    3.242483] .... node  #0, CPUs:      #1
[1266874885.491122] Initializing CPU#1
[    3.320735] kvm-clock: cpu 1, msr 0:37bfd041, secondary cpu clock
[    3.398634] mce: CPU supports 0 MCE banks
[    3.450355] x86: Booted up 1 node, 2 CPUs
[    3.466047] smpboot: Total of 2 processors activated (9575.52 BogoMIPS)
[    3.471074] devtmpfs: initialized
[    3.473148] evm: security.selinux
[    3.483234] evm: security.SMACK64
[    3.484856] evm: security.SMACK64EXEC
[    3.486547] evm: security.SMACK64TRANSMUTE
[    3.499884] evm: security.SMACK64MMAP
[    3.513146] evm: security.ima
[    3.514704] evm: security.capability
[    3.516861] clocksource: jiffies: mask: 0xffffffff max_cycles: 0xffffffff, max_idle_ns: 7645041785100000 ns
[    3.525031] futex hash table entries: 512 (order: 3, 32768 bytes)
[    3.546743] pinctrl core: initialized pinctrl subsystem
[    3.549750] RTC time:  0:55:36, date: 01/09/18
[    3.571022] NET: Registered protocol family 16
[    3.574030] EISA bus registered
[    3.586310] cpuidle: using governor ladder
[    3.596783] cpuidle: using governor menu
[    3.598968] PCCT header not found.
[    3.601170] ACPI: bus type PCI registered
[    3.603033] acpiphp: ACPI Hot Plug PCI Controller Driver version: 0.5
[    3.619682] PCI : PCI BIOS area is rw and x. Use pci=nobios if you want it NX.
[    3.628808] PCI: PCI BIOS revision 2.10 entry at 0xfda26, last bus=0
[    3.632351] PCI: Using configuration type 1 for base access
[    3.649045] ACPI: Added _OSI(Module Device)
[    3.651315] ACPI: Added _OSI(Processor Device)
[    3.653447] ACPI: Added _OSI(3.0 _SCP Extensions)
[    3.655449] ACPI: Added _OSI(Processor Aggregator Device)
[    3.669405] ACPI: Executed 1 blocks of module-level executable AML code
[    3.677456] ACPI: Interpreter enabled
[    3.679597] ACPI: (supports S0 S5)
[    3.681666] ACPI: Using IOAPIC for interrupt routing
[    3.684756] PCI: Using host bridge windows from ACPI; if necessary, use "pci=nocrs" and report a bug
[    3.694336] ACPI: PCI Root Bridge [PCI0] (domain 0000 [bus 00-ff])
[    3.697435] acpi PNP0A03:00: _OSC: OS supports [ASPM ClockPM Segments MSI]
[    3.701292] acpi PNP0A03:00: _OSC failed (AE_NOT_FOUND); disabling ASPM
[    3.704480] acpi PNP0A03:00: fail to add MMCONFIG information, can't access extended PCI configuration space under this bridge.
[    3.711003] PCI host bridge to bus 0000:00
[    3.712864] pci_bus 0000:00: root bus resource [io  0x0000-0x0cf7 window]
[    3.724819] pci_bus 0000:00: root bus resource [io  0x0d00-0xffff window]
[    3.743997] pci_bus 0000:00: root bus resource [mem 0x000a0000-0x000bffff window]
[    3.775339] pci_bus 0000:00: root bus resource [mem 0x40000000-0xffdfffff window]
[    3.778910] pci_bus 0000:00: root bus resource [bus 00-ff]
[    3.784298] pci 0000:00:01.1: legacy IDE quirk: reg 0x10: [io  0x01f0-0x01f7]
[    3.799849] pci 0000:00:01.1: legacy IDE quirk: reg 0x14: [io  0x03f6]
[    3.815824] pci 0000:00:01.1: legacy IDE quirk: reg 0x18: [io  0x0170-0x0177]
[    3.824435] pci 0000:00:01.1: legacy IDE quirk: reg 0x1c: [io  0x0376]
[    3.955291] ACPI: PCI Interrupt Link [LNKA] (IRQs 5 9 10 11) *0, disabled.
[    3.972403] ACPI: PCI Interrupt Link [LNKB] (IRQs 5 9 10 *11)
[    3.975775] ACPI: PCI Interrupt Link [LNKC] (IRQs 5 9 *10 11)
[    3.979206] ACPI: PCI Interrupt Link [LNKD] (IRQs 5 *9 10 11)
[    3.982790] ACPI: Enabled 2 GPEs in block 00 to 07
[    3.986335] vgaarb: setting as boot device: PCI:0000:00:02.0
[    3.988604] vgaarb: device added: PCI:0000:00:02.0,decodes=io+mem,owns=io+mem,locks=none
[    3.992366] vgaarb: loaded
[    3.993820] vgaarb: bridge control possible 0000:00:02.0
[    3.997025] SCSI subsystem initialized
[    3.999476] ACPI: bus type USB registered
[    4.005091] usbcore: registered new interface driver usbfs
[    4.014313] usbcore: registered new interface driver hub
[    4.016597] usbcore: registered new device driver usb
[    4.019537] PCI: Using ACPI for IRQ routing
[    4.023616] NetLabel: Initializing
[    4.025311] NetLabel:  domain hash size = 128
[    4.027401] NetLabel:  protocols = UNLABELED CIPSOv4
[    4.038925] NetLabel:  unlabeled traffic allowed by default
[    4.053188] amd_nb: Cannot enumerate AMD northbridges
[    4.057577] clocksource: Switched to clocksource kvm-clock
[   .0905] AppArmor: AppArmor Filesystem Enabled
[    4.258144] pnp: PnP ACPI init
[    4.261053] pnp: PnP ACPI: found 3 devices
[    4.262897] PnPBIOS: Disabled by ACPI PNP

[   4.315134] clocksource: acpi_pm: mask: 0xffffff max_cycles: 0xffffff, max_idle_ns: 2085701024 ns
[    4.362929] NET: Registered protocol family 2

[    4.365752] TCP established hash table entries: 8192 (order: 3, 32768 bytes)
[    4.368424] TCP bind hash table entries: 8192 (order: 4, 65536 bytes)
[    4.370960] TCP: Hash tables configured (established 8192 bind 8192)
[    4.373479] UDP hash table entries: 512 (order: 2, 16384 bytes)
[    4.375770] UDP-Lite hash table entries: 512 (order: 2, 16384 bytes)
[    4.378283] NET: Registered protocol family 1
[    4.380203] pci 0000:00:00.0: Limiting direct PCI/PCI transfers
[    4.382522] pci 0000:00:01.0: Activating ISA DMA hang workarounds
[    4.385218] Unpacking initramfs...
[    6.871783] Freeing initrd memory: 10748K
[    6.879982] platform rtc_cmos: registered platform RTC device (no PNP device found)
[    6.898866] Scanning for low memory corruption every 60 seconds
[    6.901985] audit: initializing netlink subsys (disabled)
[    6.904227] audit: type=2000 audit(1515459343.001:1): initialized
[    6.907054] Initialise system trusted keyring
[    6.909321] HugeTLB registered 2 MB page size, pre-allocated 0 pages
[    6.915219] zbud: loaded
[    6.916980] VFS: Disk quotas dquot_6.6.0
[    6.918843] VFS: Dquot-cache hash table entries: 1024 (order 0, 4096 bytes)
[    6.921930] squashfs: version 4.0 (2009/01/31) Phillip Lougher
[    6.924978] fuse init (API version 7.23)
[    6.927214] Key type big_key registered
[    6.928975] Allocating IMA MOK and blacklist keyrings.
[    6.932847] Key type asymmetric registered
[    6.934730] Asymmetric key parser 'x509' registered
[    6.936759] bounce: pool size: 64 pages
[    6.938645] Block layer SCSI generic (bsg) driver version 0.4 loaded (major 249)
[    6.942059] io scheduler noop registered
[    6.943832] io scheduler deadline registered (default)
[    6.946039] io scheduler cfq registered
[    6.948005] pci_hotplug: PCI Hot Plug PCI Core version: 0.5
[    6.950252] pciehp: PCI Express Hot Plug Controller Driver version: 0.4
[    6.963047] ACPI: AC Adapter [AC] (on-line)
[    6.965005] input: Power Button as /devices/LNXSYSTM:00/LNXPWRBN:00/input/input0
[    7.009784] ACPI: Power Button [PWRF]
[    7.024955] input: Sleep Button as /devices/LNXSYSTM:00/LNXSLPBN:00/input/input1
[    7.028322] ACPI: Sleep Button [SLPF]
[    7.030503] GHES: HEST is not enabled!
[    7.031649] ACPI: Battery Slot [BAT0] (battery present)
[    7.034924] isapnp: Scanning for PnP cards...
[    7.062716] Serial: 8250/16550 driver, 32 ports, IRQ sharing enabled
[    7.114513] 00:02: ttyS0 at I/O 0x3f8 (irq = 4, base_baud = 115200) is a 16550A
[    7.137989] Linux agpgart interface v0.103
[    7.167758] loop: module loaded
[    7.189357] scsi host0: ata_piix
[    7.208119] scsi host1: ata_piix
[    7.222100] ata1: PATA max UDMA/33 cmd 0x1f0 ctl 0x3f6 bmdma 0xd000 irq 14
[    7.262304] ata2: PATA max UDMA/33 cmd 0x170 ctl 0x376 bmdma 0xd008 irq 15
[    7.294737] libphy: Fixed MDIO Bus: probed
[    7.308864] tun: Universal TUN/TAP device driver, 1.6
[    7.327168] tun: (C) 1999-2004 Max Krasnyansky <maxk@qualcomm.com>
[    7.362716] PPP generic driver version 2.4.2
[    7.385068] ehci_hcd: USB 2.0 'Enhanced' Host Controller (EHCI) Driver
[    7.399892] ehci-pci: EHCI PCI platform driver
[    7.409688] ehci-platform: EHCI generic platform driver
[    7.418020] ohci_hcd: USB 1.1 'Open' Host Controller (OHCI) Driver
[    7.434882] isapnp: No Plug & Play device found
[    7.440598] ohci-pci: OHCI PCI platform driver
[    7.442536] ohci-platform: OHCI generic platform driver
[    7.44466] uhci_hcd: USB Universal Host Controller Interface driver
[    7.492385] i8042: PNP: PS/2 Controller [PNP0303:PS2K,PNP0f03:PS2M] at 0x60,0x64 irq 1,12
[   7.497182] serio: i8042 KBD port at 0x60,0x64 irq 1
[    7.546421] serio: i8042 AUX port at 0x60,0x64 irq 12
[    7.549489] mousedev: PS/2 mouse device common for all mice
[    7.552540] input: AT Translated Set 2 keyboard as/devices/platform/i8042/serio0/input/input2

[    7.602207] rtc_cmos rtc_cmos: rtc core: registered rtc_cmos as rtc0
[    7.604924] rtc_cmos rtc_cmos: alarms up to one day, 114 bytes nvram
[    7.614325] i2c /dev entries driver
[    7.616159] device-mapper: uevent: version 1.0.3
[    7.618397] device-mapper: ioctl: 4.34.0-ioctl (2015-10-28) initialised: dm-devel@redhat.com
[    7.622135] platform eisa.0: Probing EISA bus 0
[    7.624090] platform eisa.0: EISA: Cannot allocate resource for mainboard
[    7.626653] platform eisa.0: Cannot allocate resource for EISA slot 1
[    7.654558] platform eisa.0: Cannot allocate resource for EISA slot 2
[    7.665036] platform eisa.0: Cannot allocate resource for EISA slot 3
[    7.668111] platform eisa.0: Cannot allocate resource for EISA slot 4
[    7.671203] platform eisa.0: Cannot allocate resource for EISA slot 5
[    7.674227] platform eisa.0: Cannot allocate resource for EISA slot 6
[    7.677255] platform eisa.0: Cannot allocate resource for EISA slot 7
[    7.680277] platform eisa.0: Cannot allocate resource for EISA slot 8
[    7.683392] platform eisa.0: EISA: Detected 0 cards
[    7.685872] cpufreq-nforce2: No nForce2 chipset.
[    7.688236] ledtrig-cpu: registered to indicate activity on CPUs
[    7.691673] NET: Registered protocol family 10
[    7.694819] NET: Registered protocol family 17
[    7.704796] Key type dns_resolver registered
[    7.707070] microcode: CPU0 sig=0x1067a, pf=0x40, revision=0x60b
[    7.709467] microcode: CPU1 sig=0x1067a, pf=0x40, revision=0x60b
[    7.712461] microcode: Microcode Update Driver: v2.01 <tigran@aivazian.fsnet.co.uk>, Peter Oruba
[    7.717307] Using IPI No-Shortcut mode
[    7.725262] registered taskstats version 1
[    7.727255] Loading compiled-in X.509 certificates
[    7.739060] Loaded X.509 cert 'Build time autogenerated kernel key: 61680777b0781d919fde26ef1e45786ce4ad0574'
[    7.743175] zswap: loaded using pool lzo/zbud
[    7.757445] Key type trusted registered
[    7.784638] Key type encrypted registered
[    7.787594] AppArmor: AppArmor sha1 policy hashing enabled
[    7.792831] ima: No TPM chip found, activating TPM-bypass!
[    7.800596] evm: HMAC attrs: 0x1
[    7.802823]   Magic number: 2:531:910
[    7.804734] rtc_cmos rtc_cmos: setting system clock to 2018-01-09 00:55:41 UTC (1515459341)
[    7.814750] BIOS EDD facility v0.16 2004-Jun-25, 0 devices found
[    7.819939] EDD information not available.
[    7.833418] Freeing unused kernel memory: 940K
[    7.841630] Write protecting the kernel text: 7972k
[    7.850732] Write protecting the kernel read-only data: 3172k
[    7.853006] NX-protecting the kernel data: 6364k
[    7.877636] tsc: Refined TSC clocksource calibration: 2390.115 MHz
[    7.895159] clocksource: tsc: mask: 0xffffffffffffffff max_cycles: 0x2273bd9b5de, max_idle_ns: 440795326715 ns
Loading, please wait...
starting version 229
[    8.115829] random: systemd-udevd: uninitialized urandom read (16 bytes read, 1 bits of entropy available)
[    8.121709] random: systemd-udevd: uninitialized urandom read (16 bytes read, 1 bits of entropy available)
[    8.132572] random: udevadm: uninitialized urandom read (16 bytes read, 1 bits of entropy available)
[    8.139536] random: systemd-udevd: uninitialized urandom read (16 bytes read, 1 bits of entropy available)
[    8.240778] random: systemd-udevd: uninitialized urandom read (16 bytes read, 1 bits of entropy available)
[    8.321533] random: udevadm: uninitialized urandom read (16 bytes read, 1 bits of entropy available)
[    8.328075] random: udevadm: uninitialized urandom read (16 bytes read, 1 bits of entropy available)
[    8.335436] random: udevadm: uninitialized urandom read (16 bytes read, 1 bits of entropy available)
[    8.341537] random: udevadm: uninitialized urandom read (16 bytes read, 1 bits of entropy available)
[    8.349007] random: udevadm: uninitialized urandom read (16 bytes read, 1 bits of entropy available)
[    8.613479] e1000: Intel(R) PRO/1000 Network Driver - version 7.3.21-k8-NAPI
[    8.619197] e1000: Copyright (c) 1999-2006 Intel Corporation.
[    8.640650] Fusion MPT base driver 3.04.20
[    8.673860] Copyright (c) 1999-2008 LSI Corporation
[    8.915308] input: ImExPS/2 Generic Explorer Mouse as /devices/platform/i8042/serio1/input/input4
[    8.980386] Fusion MPT SPI Host driver 3.04.20
[    9.513188] e1000 0000:00:03.0 eth0: (PCI:33MHz:32-bit) 02:57:70:43:80:c6
[    9.528259] e1000 0000:00:03.0 eth0: Intel(R) PRO/1000 Network Connection
[    9.583241] mptbase: ioc0: Initiating bringup
[    9.743140] ioc0: LSI53C1030 A0: Capabilities={Initiator}
[   10.083029] scsi host2: ioc0: LSI53C1030 A0, FwRev=00000000h, Ports=1, MaxQ=256, IRQ=20
[   10.898418] scsi 2:0:0:0: Direct-Access     VBOX     HARDDISK         1.0  PQ: 0 ANSI: 5
[   10.902407] scsi target2:0:0: Beginning Domain Validation
[   10.921599] scsi target2:0:0: Domain Validation skipping write tests
[   10.924690] scsi target2:0:0: Ending Domain Validation
[   10.927447] scsi target2:0:0: asynchronous
[   10.964340] scsi 2:0:1:0: Direct-Access     VBOX     HARDDISK         1.0  PQ: 0 ANSI: 5
[   11.099415] scsi target2:0:1: Beginning Domain Validation
[   11.228203] scsi target2:0:1: Domain Validation skipping write tests
[   11.286976] scsi target2:0:1: Ending Domain Validation
[   11.305928] scsi target2:0:1: asynchronous
[   11.319123] sd 2:0:0:0: Attached scsi generic sg0 type 0
[   11.323719] sd 2:0:0:0: [sda] 20971520 512-byte logical blocks: (10.7 GB/10.0 GiB)
[   11.324332] sd 2:0:1:0: Attached scsi generic sg1 type 0
[   11.324532] sd 2:0:1:0: [sdb] 20480 512-byte logical blocks: (10.5 MB/10.0 MiB)
[   11.324753] sd 2:0:1:0: [sdb] Write Protect is off
[   11.324931] sd 2:0:1:0: [sdb] Incomplete mode parameter data
[   11.324932] sd 2:0:1:0: [sdb] Assuming drive cache: write through
[   11.351712] sd 2:0:1:0: [sdb] Attached SCSI disk
[   11.372911] e1000 0000:00:08.0 eth1: (PCI:33MHz:32-bit) 08:00:27:e1:cf:a9
[   11.372918] e1000 0000:00:08.0 eth1: Intel(R) PRO/1000 Network Connection
[   11.395065] e1000 0000:00:03.0 enp0s3: renamed from eth0
[   11.410501] sd 2:0:0:0: [sda] Write Protect is off
[   11.412798] sd 2:0:0:0: [sda] Incomplete mode parameter data
[   11.415197] sd 2:0:0:0: [sda] Assuming drive cache: write through
[   11.423931] e1000 0000:00:08.0 enp0s8: renamed from eth1
[   11.433957]  sda: sda1
[   11.442722] sd 2:0:0:0: [sda] Attached SCSI disk
[   11.649859] floppy0: no floppy controllers found
Begin: Loading essential drivers ... [   14.590259] md: linear personality registered for level -1
[   14.659250] md: multipath personality registered for level -4
[   14.716254] md: raid0 personality registered for level 0
[   14.817398] md: raid1 personality registered for level 1
[   14.957713] raid6: mmxx1    gen()  2876 MB/s
[   15.029768] raid6: mmxx2    gen()  3299 MB/s
[   15.109805] raid6: sse1x1   gen()  1744 MB/s
[   15.178773] raid6: sse1x2   gen()  2511 MB/s
[   15.253654] raid6: sse2x1   gen()  3370 MB/s
[   15.321839] raid6: sse2x1   xor()  3931 MB/s
[   15.396913] raid6: sse2x2   gen()  4369 MB/s
[   15.465746] raid6: sse2x2   xor()  4694 MB/s
[   15.471592] raid6: using algorithm sse2x2 gen() 4369 MB/s
[   15.473791] raid6: .... xor() 4694 MB/s, rmw enabled
[   15.475859] raid6: using ssse3x1 recovery algorithm
[   15.505926] xor: measuring software checksum speed
[   15.553771]    pIII_sse  :  8380.000 MB/sec
[   15.593769]    prefetch64-sse:  9529.000 MB/sec
[   15.599674] xor: using function: prefetch64-sse (9529.000 MB/sec)
[   15.609209] async_tx: api initialized (async)
[   15.750275] md: raid6 personality registered for level 6
[   15.753414] md: raid5 personality registered for level 5
[   15.756641] md: raid4 personality registered for level 4
[   15.908817] md: raid10 personality registered for level 10
done.
Begin: Running /scripts/init-premount ... done.
Begin: Mounting root file system ... Begin: Running /scripts/local-top ... done.
Begin: Running /scripts/local-premount ... [   16.320964] Btrfs loaded
Scanning for Btrfs filesystems
done.
Warning: fsck not present, so skipping root file system
[   16.776034] EXT4-fs (sda1): mounted filesystem with ordered data mode. Opts: (null)
done.
Begin: Running /scripts/local-bottom ... done.
Begin: Running /scripts/init-bottom ... done.
[   17.481808] random: nonblocking pool is initialized
[   17.963517] systemd[1]: systemd 229 running in system mode. (+PAM +AUDIT +SELINUX +IMA +APPARMOR +SMACK +SYSVINIT +UTMP+LBCRYPTSETUP +CRT +GNUTLS +ACL +XZ -LZ4 +SECCOMP +BLKID +ELFUTILS +KMOD -IDN)
[   18.242763] systemd[1]: Detected virtualization oracle.
[   18.245494] systemd[1]: Detected architecture x86.

Welcome to [1mUbuntu 16.04.3 LTS[0m!

[  18.329690] systemd[1]: Set hostname to <ubuntu-xenial>.

[   20.115607] systemd[1]: Started Forward Password Requests to Wall Directory Watch.
[[0;32m  OK  [0m] Started Forward Password Requests to Wall Directory Watch.
[   20.155256] systemd[1]: Listening on /dev/initctl Compatibility Named Pipe.
[[0;32m  OK  [0m] Listening on /dev/initctl Compatibility Named Pipe.
[   20.162932] systemd[1]: Set up automount Arbitrary Executable File Formats File System Automount Point.
[[0;32m  OK  [0m] Set up automount Arbitrary Executab...ats File System Automount Point.
[   20.172691] systemd[1]: Listening on Device-mapper event daemon FIFOs.
[[0;32m  OK  [0m] Listening on Device-mapper event daemon FIFOs.
[   20.179744] systemd[1]: Reached target User and Group Name Lookups.
[[0;32m  OK  [0m] Reached target User and Group Name Lookups.
[   20.186814] systemd[1]: Listening on Journal Socket (/dev/log).
[[0;32m  OK  [0m] Listening on Journal Socket (/dev/log).
[   20.193790] systemd[1]: Listening on LVM2 metadata daemon socket.
[[0;32m  OK  [0m] Listening on LVM2 metadata daemon socket.
[   20.238086] systemd[1]: Started Trigger resolvconf update for networkd DNS.
[[0;32m  OK  [0m] Started Trigger resolvconf update for networkd DNS.
[   20.257806] systemd[1]: Listening on Journal Audit Socket.
[[0;32m  OK  [0m] Listening on Journal Audit Socket.
[   20.263087] systemd[1]: Created slice System Slice.
[[0;32m  OK  [0m] Created slice System Slice.
[   20.311094] systemd[1]: Created slice system-serial\x2dgetty.slice.
[[0;32m  OK  [0m] Created slice system-serial\x2dgetty.slice.
[   20.319423] systemd[1]: Reached target Encrypted Volumes.
[[0;32m  OK  [0m] Reached target Encrypted Volumes.
[   20.356683] systemd[1]: Listening on udev Control Socket.
[[0;32m  OK  [0m] Listening on udev Control Socket.
[   20.373093] systemd[1]: Listening on Syslog Socket.
[[0;32m  OK  [0m] Listening on Syslog Socket.
[   20.380391] systemd[1]: Created slice User and Session Slice.
[[0;32m  OK  [0m] Created slice User and Session Slice.
[   20.389916] systemd[1]: Reached target Slices.
[[0;32m  OK  [0m] Reached target Slices.
[   20.395636] systemd[1]: Reached target Swap.
[[0;32m  OK  [0m] Reached target Swap.
[   20.406359] systemd[1]: Listening on Journal Socket.
[[0;32m  OK  [0m] Listening on Journal Socket.
[   20.434867] systemd[1]: Starting Create list of required static device nodes for the current kernel...
         Starting Create list of required st... nodes for the current kernel...
[   20.510858] systemd[1]: Mounting Huge Pages File System...
         Mounting Huge Pages File System...
[   20.538366] systemd[1]: Starting Nameserver information manager...
         Starting Nameserver information manager...
[   20.731749] systemd[1]: Starting Load Kernel Modules...
         Starting Load Kernel Modules...
[   20.788956] systemd[1]: Starting Set console keymap...
         Starting Set console keymap...
[   20.849396] Loading iSCSI transport class v2.0-870.
[   20.900327] systemd[1]: Starting Monitoring of LVM2 mirrors, snapshots etc. using dmeventd or progress polling...
         Starting Monitoring of LVM2 mirrors... dmeventd or progress polling...
[   20.952915] systemd[1]: Starting Uncomplicated firewall...
         Starting Uncomplicated firewall...
[   20.991109] systemd[1]: Mounting Debug File System...
[   20.992208] iscsi: registered transport (tcp)
         Mounting Debug File System...
[   21.074882] systemd[1]: Starting Remount Root and Kernel File Systems...
         Starting Remount Root and Kernel File Systems...
[   21.101946] systemd[1]: Starting Journal Service...
         Starting Journal Service...
[   21.129155] systemd[1]: Listening on LVM2 poll daemon socket.
[[0;32m  OK  [0m] Listening on LVM2 poll daemon socket.
[   21.140836] systemd[1]: Listening on udev Kernel Socket.
[[0;32m  OK  [0m] Listening on udev Kernel Socket.
[   21.205312] systemd[1]: Mounting POSIX Message Queue File System...
[   21.211407] EXT4-fs (sda1): re-mounted. Opts: (null)
         Mounting POSIX Message Queue File System...
[   21.238748] systemd[1]: Mounted Debug File System.
[[0;32m  OK  [0m] Mounted Debug File System.
[   21.254979] systemd[1]: Mounted Huge Pages File System.
[[0;32m  OK  [0m] Mounted Huge Pages File System.
[   21.262452] systemd[1]: Started Create list of required static device nodes for the current kernel.
[[0;32m  OK  [0m] Started Create list of required sta...ce nodes for the current kernel.
[   21.364284] systemd[1]: Started Set console keymap.
[[0;32m  OK  [0m] Started Set console keymap.
[   21.581790] systemd[1]: Started Uncomplicated firewall.
[[0;32m  OK  [0m] Started Uncomplicated firewall.
[   21.619873] systemd[1]: Started Remount Root and Kernel File Systems.
[[0;32m  OK  [0m] Started Remount Root and Kernel File Systems.
[   21.652216] systemd[1]: Mounted POSIX Message Queue File System.
[[0;32m  OK  [0m] Mounted POSI[   21.662482] iscsi: registered transport (iser)
X Message Queue File System.
[   21.703833] systemd[1]: Started Load Kernel Modules.
[[0;32m  OK  [0m] Started Load Kernel Modules.
[   21.756803] systemd[1]: Started Nameserver information manager.
[[0;32m  OK  [0m] Started Nameserver information manager.
[   21.774211] systemd[1]: Started Journal Service.
[[0;32m  OK  [0m] Started Journal Service.
[[0;32m  OK  [0m] Started LVM2 metadata daemon.
         Mounting FUSE Control File System...
         Starting Apply Kernel Variables...
         Starting Initial cloud-init job (pre-networking)...
         Starting Flush Journal to Persistent Storage...
         Starting Load/Save Random Seed...
         Starting udev Coldplug all Devices...
         Starting Create Static Device Nodes in /dev...
[[0;32m  OK  [0m] Mounted FUSE Control File System.
[[0;32m  OK  [0m] Started Apply Kernel Variables.
[[0;32m  OK  [0m] Started Load/Save Random Seed.
[[0;32m  OK  [0m] Started Flush Journal to Persistent Storage.
[[0;32m  OK  [0m] Started udev Coldplug all Devices.
[[0;32m  OK  [0m] Started Monitoring of LVM2 mirrors,...ng dmeventd or progress polling.
[[0;32m  OK  [0m] Started Create Static Device Nodes in /dev.
         Starting udev Kernel Device Manager...
[[0;32m  OK  [0m] Started udev Kernel Device Manager.
[[0;32m  OK  [0m] Started Dispatch Password Requests to Console Directory Watch.
[[0;32m  OK  [0m] Reached target Local File Systems (Pre).
[[0;32m  OK  [0m] Reached target Local File Systems.
         Starting Set console font and keymap...
         Starting Tell Plymouth To Write Out Runtime Data...
         Starting LSB: AppArmor initialization...
         Starting Create Volatile Files and Directories...
[[0;32m  OK  [0m] Started Tell Plymouth To Write Out Runtime Data.
[[0;32m  OK  [0m] Started Create Volatile Files and Directories.
[[0;32m  OK  [0m] Reached target System Time Synchronized.
         Starting Update UTMP about System Boot/Shutdown...
[[0;32m  OK  [0m] Found device /dev/ttyS0.
[[0;32m  OK  [0m] Started Update UTMP about System Boot/Shutdown.
[[0;32m  OK  [0m] Listening on Load/Save RF Kill Switch Status /dev/rfkill Watch.
[[0;32m  OK  [0m] Started LSB: AppArmor initialization.
[[0;32m  OK  [0m] Found device 82540EM Gigabit Ethern...r (PRO/1000 MT Desktop Adapter).
[[0;32m  OK  [0m] Found device 82540EM Gigabit Ethern...r (PRO/1000 MT Desktop Adapter).
[[0;32m  OK  [0m] Started Set console font and keymap.
[[0;32m  OK  [0m] Created slice system-getty.slice.
[   56.253876] cloud-init[435]: Cloud-init v. 17.1 running 'init-local' at Tue, 09 Jan 2018 00:56:31 +0000. Up 54.90 seconds.
[[0;32m  OK  [0m] Started Initial cloud-init job (pre-networking).
[[0;32m  OK  [0m] Reached target Network (Pre).
         Starting Raise network interfaces...
[[0;32m  OK  [0m] Started ifup for enp0s8.
[[0;32m  OK  [0m] Started ifup for enp0s3.
[[0;32m  OK  [0m] Started Raise network interfaces.
         Starting Initial cloud-init job (metadata service crawler)...
[[0;32m  OK  [0m] Reached target Network.
[   63.232408] cloud-init[1066]: Cloud-init v. 17.1 running 'init' at Tue, 09 Jan 2018 00:56:37 +0000. Up 60.53 seconds.
[   63.269786] cloud-init[1066]: ci-info: ++++++++++++++++++++++++++++++++++++++Net device info++++++++++++++++++++++++++++++++++++++
[   63.290708] cloud-init[1066]: ci-info: +--------+------+-----------------------------+---------------+-------+-------------------+
[   63.337922] cloud-init[1066]: ci-info: | Device |  Up  |           Address           |      Mask     | Scope |     Hw-Address    |
[   63.348499] cloud-init[1066]: ci-info: +--------+------+-----------------------------+---------------+-------+-------------------+
[   63.407944] cloud-init[1066]: ci-info: | enp0s3 | True |          10.0.2.15          | 255.255.255.0 |   .   | 02:57:70:43:80:c6 |
[   63.436522] cloud-init[1066]: ci-info: | enp0s3 | True |  fe80::57:70ff:fe43:80c6/64 |       .       |  link | 02:57:70:43:80:c6 |
[   63.446934] cloud-init[1066]: ci-info: | enp0s8 | True |       192.168.195.146       | 255.255.255.0 |   .   | 08:00:27:e1:cf:a9 |
[   63.486204] cloud-init[1066]: ci-info: | enp0s8 | True | fe80::a00:27ff:fee1:cfa9/64 |       .       |  link | 08:00:27:e1:cf:a9 |
[   63.581633] cloud-init[1066]: ci-info: |   lo   | True |          127.0.0.1          |   255.0.0.0   |   .   |         .         |
[[0;32m  OK  [0m] Started Initial cloud-init job (metadata service crawler).
[   63.582075] cloud-init[1066]: ci-info: |   lo   | True |           ::1/128           |       .       |  host |         .         |
[   63.620019] cloud-init[1066]: ci-info: +--------+------+-----------------------------+---------------+-------+-------------------+
[   63.656632] cloud-init[1066]: ci-info: ++++++++++++++++++++++++++++Route IPv4 info+++++++++++++++++++++++++++++
[   63.701753] cloud-init[1066]: ci-info: +-------+---------------+----------+---------------+-----------+-------+
[   63.704791] cloud-init[1066]: ci-info: | Route |  Destination  | Gateway  |    Genmask    | Interface | Flags |
[[0;32m  OK  [0m] Reached target System Initialization.
[   63.705576] cloud-init[1066]: ci-info: +-------+---------------+----------+---------------+-----------+-------+
[   63.740140] cloud-init[1066]: ci-info: |   0   |    0.0.0.0    | 10.0.2.2 |    0.0.0.0    |   enp0s3  |   UG  |
[   63.744573] cloud-init[1066]: ci-info: |   1   |    10.0.2.0   | 0.0.0.0  | 255.255.255.0 |   enp0s3  |   U   |
[   63.751484] cloud-init[1066]: ci-info: |   2   | 192.168.195.0 | 0.0.0.0  | 255.255.255.0 |   enp0s8  |   U   |
[   63.782037] cloud-init[1066]: ci-info: +-------+---------------+----------+---------------+-----------+-------+
[[0;32m  OK  [0m] Started ACPI Events Check.
[[0;32m  OK  [0m] Reached target Paths.
[[0;32m  OK  [0m] Started Daily Cleanup of Temporary Directories.
[[0;32m  OK  [0m] Listening on UUID daemon activation socket.
         Starting LXD - unix socket.
[[0;32m  OK  [0m] Listening on ACPID Listen Socket.
[[0;32m  OK  [0m] Started Timer to automatically refresh installed snaps.
         Starting Socket activation for snappy daemon.
[[0;32m  OK  [0m] Listening on D-Bus System Message Bus Socket.
[[0;32m  OK  [0m] Reached target Network is Online.
         Starting iSCSI initiator daemon (iscsid)...
[[0;32m  OK  [0m] Started Daily apt download activities.
[[0;32m  OK  [0m] Started Daily apt upgrade and clean activities.
[[0;32m  OK  [0m] Reached target Timers.
[[0;32m  OK  [0m] Reached target Cloud-config availability.
[[0;32m  OK  [0m] Listening on LXD - unix socket.
[[0;32m  OK  [0m] Listening on Socket activation for snappy daemon.
[[0;32m  OK  [0m] Reached target Sockets.
[[0;32m  OK  [0m] Reached target Basic System.
[[0;32m  OK  [0m] Started Deferred execution scheduler.
         Starting Apply the settings specified in cloud-config...
[[0;32m  OK  [0m] Started Regular background program processing daemon.
         Starting The PHP 7.0 FastCGI Process Manager...
         Starting Login Service...
         Starting A high performance web server and a reverse proxy server...
         Starting Accounts Service...
         Starting OpenBSD Secure Shell server...
         Starting LXD - container startup/shutdown...
         Starting LSB: MD monitoring daemon...
         Starting /etc/rc.local Compatibility...
         Starting Snappy daemon...
[[0;32m  OK  [0m] Started ACPI event daemon.
         Starting MySQL Community Server...
[[0;32m  OK  [0m] Started D-Bus System Message Bus.
[   67.340092] cloud-init[1125]: Cloud-init v. 17.1 running 'modules:config' at Tue, 09 Jan 2018 00:56:43 +0000. Up 66.18 seconds.
         Starting System Logging Service...
[[0;32m  OK  [0m] Started Unattended Upgrades Shutdown.
         Starting LSB: Record successful boot for GRUB...
[[0;32m  OK  [0m] Started FUSE filesystem for LXC.
[[0;32m  OK  [0m] Started OpenBSD Secure Shell server.
[[0;32m  OK  [0m] Started iSCSI initiator daemon (iscsid).
[[0;32m  OK  [0m] Started Apply the settings specified in cloud-config.
[[0;32m  OK  [0m] Started /etc/rc.local Compatibility.
         Starting Login to default iSCSI targets...
[[0;32m  OK  [0m] Started Login Service.
         Starting Authenticate and Authorize Users to Run Privileged Tasks...
[[0;32m  OK  [0m] Started System Logging Service.
[[0;32m  OK  [0m] Started LSB: Record successful boot for GRUB.
[[0;32m  OK  [0m] Started LSB: MD monitoring daemon.
[[0;32m  OK  [0m] Started Authenticate and Authorize Users to Run Privileged Tasks.
[[0;32m  OK  [0m] Started Login to default iSCSI targets.
[[0;32m  OK  [0m] Started Accounts Service.
[[0;32m  OK  [0m] Started A high performance web server and a reverse proxy server.
[[0;32m  OK  [0m] Reached target Remote File Systems (Pre).
[[0;32m  OK  [0m] Reached target Remote File Systems.
         Starting LSB: automatic crash report generation...
         Starting LSB: VirtualBox Linux Additions...
         Starting Permit User Sessions...
         Starting LSB: Set the CPU Frequency Scaling governor to "ondemand"...
         Starting LSB: daemon to balance interrupts for SMP systems...
[[0;32m  OK  [0m] Started Permit User Sessions.
         Starting Hold until boot process finishes up...
         Starting Terminate Plymouth Boot Screen...
[[0;32m  OK  [0m] Started Hold until boot process finishes up.
[[0;32m  OK  [0m] Started LSB: Set the CPU Frequency Scaling governor to "ondemand".
[[0;32m  OK  [0m] Started Terminate Plymouth Boot Screen.
[[0;32m  OK  [0m] Started Serial Getty on ttyS0.
         Starting Set console scheme...
[[0;32m  OK  [0m] Started Getty on tty1.
[[0;32m  OK  [0m] Reached target Login Prompts.
[[0;32m  OK  [0m] Started LSB: daemon to balance interrupts for SMP systems.
[[0;32m  OK  [0m] Started LSB: automatic crash report generation.
[[0;32m  OK  [0m] Started Set console scheme.
[[0;32m  OK  [0m] Started LXD - container startup/shutdown.
[[0;32m  OK  [0m] Started LSB: VirtualBox Linux Additions.
[[0;32m  OK  [0m] Started Snappy daemon.
[[0;32m  OK  [0m] Created slice User Slice of ubuntu.
         Starting User Manager for UID 1000...
[[0;32m  OK  [0m] Started Session 1 of user ubuntu.
[[0;32m  OK  [0m] Started User Manager for UID 1000.
[[0;32m  OK  [0m] Started The PHP 7.0 FastCGI Process Manager.

Ubuntu 16.04.3 LTS ubuntu-xenial ttyS0

ubuntu-xenial login: [   79.314946] cloud-init[1494]: Cloud-init v. 17.1 running 'modules:final' at Tue, 09 Jan 2018 00:56:55 +0000. Up 78.70 seconds.
[   79.315675] cloud-init[1494]: Cloud-init v. 17.1 finished at Tue, 09 Jan 2018 00:56:56 +0000. Datasource DataSourceNoCloud [seed=/dev/sdb][dsmode=net].  Up 79.29 seconds
