[    0.000000] Initializing cgroup subys cpuset
[    0.000000] Initializing cgrup subsys cpu
[    0.000000] Initializing cgroup subsys cpuacct
[    0.000000] Linux version 4.4.0-104-generic (buildd@lgw01-amd64-027) (gcc version 5.4.0 20160609 (Ubuntu 5.4.0-6ubuntu1~16.04.5) ) #127-Ubuntu SMP Mon Dec 11 12:16:50 UTC 2017 (Ubuntu 4.4.0-104.127-generic 4.4.98)
[    0.000000] KERNEL supported cpus:
[    0.000000]   Intel GenuineIntel
[    0.000000]   AMD AuthenticAMD
[    0.000000]   NSC Geode by NSC
[    0.000000]   Cyrix CyrixInstead
[    0.000000]   Centaur CentaurHauls
[    0.000000]   Transmeta GenuineTMx86
[    0.000000]   Transmeta TransmetaCPU
[    0.000000]   UMC UMC UMC UMC
[    0.000000] x86/fpu: Legacy x87 FPU detected.
[    0.000000] x86/fpu: Using 'lazy' FPU context switches.
[    0.000000] e820: BIOS-provided physical RAM map:
[    0.000000] BIOS-e820: [mem 0x0000000000000000-0x000000000009fbff] usable
[    0.000000] BIOS-e820: mem 0x000000000009fc00-0x000000000009ffff] reserved
[    0.000000] BIOS-e820: [mem 0x00000000000f0000-0x00000000000fffff] reserved
[    0.000000] BIOS-e820: [mem 0x0000000000100000-0x000000003ffeffff] usable
[    0.000000] BIOS-e820: [mem 0x000000003fff0000-0x000000003fffffff] ACPI data
[    0.000000] BIOS-e820: [mem 0x00000000fffc0000-0x00000000ffffffff] reserved
[    0.000000] NX (Execute Disable) protection: active
[    0.000000] SMBIOS 2.5 present.
[    0.000000] Hypervisor detected: KVM
[    0.000000] e820: last_pfn = 0x3fff0 max_arch_pfn = 0x1000000
[    0.00000] MTRR: Disbled
    0.00000] x86PAT: MTRRs disaled, skipping PAT initialization too.
[    0.000000] CPU MTRRs all blank - virtualized system.
[    0.000000] x86/PAT: Configuration [0-7]: WB  WT  UC- UC  WB  WT  UC- UC  
[    0.000000] found SMP MP-table at [mem 0x0009fff0-0x0009ffff] mapped at [c009fff0]
[   0.000000] Scanning 1 areas for low memory corruption
[    0.000000] RAMDISK: [mem 0x36af2000-0x7570ff]
[    .000000] ACPI: Early table checksum verification disabled
[    0.00000] ACPI: RSDP 0x00000000000E0000 000024 (v02 VBOX  )
[    0.000000] ACPI: XSDT 0x000000003FFF0030 00003C (v01 VBOX   VBOXXSDT 00000001 ASL  00000061)
[    0.000000] ACPI: FACP 0x000000003FFF00F0 0000F4 (v04 VBOX   VBOXFACP 00000001 ASL  00000061)
[    0.000000] ACPI: DSDT 0x000000003FFF0470 001CEB (v01 VBOX   VBOXBIOS 00000002 INTL 20100528)
[    0.000000] ACPI: FACS 0x000000003FFF0200 000040
[    0.000000] ACPI: FACS 0x000000003FFF0200 000040
[    0.000000] ACPI: APIC 0x000000003FFF0240 00005C (v02 VBOX   VBOXAPIC 00000001 ASL  00000061)
[    0.000000] ACPI: SSDT 0x000000003FFF02A0 0001CC (v01 VBOX   VBOXCPUT 00000002 INTL 201000528)
[    0.000000] 131MB HIGHMEM available.
[    0.000000] 891MB LOWMEM availabl.
[    0.000000]   mapped low ram: 0 - 37bfe000
[    0.000000]   low ram: 0 - 37bfe000
[    0.000000] kvm-clock: Using msrs 4b564d01 and 4b564d00
[    0.000000] kvm-clock: cpu 0, msr 0:37bfd001, primary cpu clock
[    0.000000] kvm-clock: using sched offset of 4179239081 cycles
[    0.000000] clocksource: kvm-clock: mask: 0xffffffffffffffff max_cycles: 0x1cd42e4dffb, max_idle_ns: 881590591483 ns
[    0.000000] Zone ranges:
[    0.000000]   DMA      [mem 0x0000000000001000-0x0000000000ffffff]
[    0.000000]   Normal   [mem 0x0000000001000000-0x0000000037bfdfff]
[    0.000000]   HighMem  [mem 0x0000000037bfe000-0x000000003ffeffff]
[    0.000000] Movable zone start for each node
[    0.000000] Early memory node ranges
[    0.000000]   node   0: [mem 0x0000000000001000-0x000000000009efff]
[    0.000000]   node   0: [mem 0x0000000000100000-0x000000003ffeffff]
[    0.000000] Initmem setup node 0 [mem 0x0000000000001000-0x000000003ffeffff]
[    0.000000] Using APIC driver default
[    0.000000] ACPI: PM-Timer IO Port: 0x4008
[    0.000000] IOAPIC[0]: apic_id 2, version 17, address 0xfec00000, GSI 0-23
[   0.000000] ACPI: INT_SRC_OVR (bus 0 bus_irq 0 global_irq 2 dfl dfl)
[    0.000000] ACPI: INT_SRC_OVR (bus 0 bus_irq 9 global_irq 9 high level)
[    0.000000] Using ACPI (MADT) for SMP configuration information
[    0.000000] smpboot: Allowing 2 CPUs, 0 hotplug CPUs
[    0.000000] PM: Registered nosave memory: [mem 0x00000000-0x00000fff]
[    0.000000] PM: Registered nosave memory: [mem 0x0009f000-0x0009ffff]
[    0.000000] PM: Registered nosave memory: [mem 0x000a0000-0x000effff]
[    0.000000] PM: Registered nosave memory: [mem 0x000f0000-0x000ffff]
[    0.000000] e820: [mem 0x40000000-0xfffbffff] available for PCI devices
[    0.000000] Booting paravirtualized kernel on KVM
[    0.000000] clocksource: refined-jiffies: mask: 0xffffffff max_cycles: 0xffffffff, max_idle_ns: 7645519600211568 ns
[    0.000000] setup_percpu: NR_CPUS:8 nr_cpumask_bits:8 nr_cpu_ids:2 nr_node_ids:1
[    0.000000] PERCPU: Embedded 19 pages/cpu @f76b0000 s47308 r0 d30516 u77824
[    0.000000] PV qspinlock has table entries: 512 (order: 0, 4096 bytes)
[    0.000000] Built 1 zonelists in Zone order, mobility grouping on.  Total pages: 259800
[    0.000000] Kernel command line: BOOT_IMAGE=/boot/vmlinuz-4.4.0-104-generic root=LABEL=cloudimg-rootfs ro console=tty1 console=ttyS0
[    0.000000] PID hash table entries: 4096 (order: 2, 16384 bytes)
[    0.000000] Dentry cache hash table entries: 131072 (order: 7, 524288 bytes)
[    0.000000] Inode-cache hash table entries: 65536 (order: 6, 262144 bytes)
[    0.000000] Initializing CPU#0
[    0.000000] Initializing HighMem for node 0 (00037bfe:0003fff0)
[    0.000000] Initializing Movable for node 0 (00000000:00000000)
[    0.000000] Memory: 1012180K/10412K available (7970K kernel code, 767K rwdata, 3168K rodata, 940K init, 800K bss, 35940K reserved, 0K cma-reserved, 135112K highmem)
[    0.000000] virtual kernel memory layout:
[    0.000000]     fixmap  : 0xfff15000 - 0xfffff000   ( 936 kB)
[    0.000000]     pkmap   : 0xffc00000 - 0xffe00000   (2048 kB)
[    0.000000]     vmalloc : 0xf83fe000 - 0xffbfe000   ( 120 MB)
[    0.000000]     lowmem  : 0xc0000000 - 0xf7bfe000   ( 891 MB)
[    0.000000]       .init : 0xc1ba3000 - 0xc1c8e000   ( 940 kB)
[    0.000000]       .data : 0xc17c8bed - 0xc1ba1fc0   (3940 kB)
[    0.000000]       .text : 0xc1000000 - 0xc17c8bed   (7970 kB)
[    0.000000] Checking if this processor honours the WP bit even in supervisor mode...Ok.
[    0.000000] SLUB: HWalign=64, Order=0-3, MinObjects=0, CPUs=2, Nodes=1
[    0.000000] Hierarchical RCU implementation.
[    0.000000] 	Build-time adjustment of leaf fanout to 32.
[    0.000000] 	RCU restricting CPUs from NR_CPUS=8 to nr_cpu_ids=2.
[    0.000000] RCU: Adjusting geometry for rcu_fanout_leaf=32, nr_cpu_ids=2
[    0.000000] NR_IRQS:2304 nr_irqs:440 16
[    0.000000] Console: colour VGA+ 80x25
[    0.000000] console [tty1] enabled
[    0.000000] console [ttyS0] enabled
[    0.000000] allocated 1048576 bytes of page_ext
[    0.000000] tsc: Detected 2393.880 MHz processor
[    1.398450] Calibrating delay loop (skipped) preset value.. 4787.76 BogoMIPS (lpj=9575520)
[    1.402315] pid_max: default: 32768 minimum: 301
[    1.404361] ACPI: Core revision 20150930
[    1.410637] ACPI: 2 ACPI AML tables successfully acquired and loaded
[    1.413441] Security Framework initialized
[    1.415336] Yama: becoming mindful.
[    1.417097] AppArmor: AppArmor initialized
[    1.419079] Mount-cache hash table entries: 2048 (order: 1, 8192 bytes)
[    1.421586] Mountpoint-cache hash table entries: 2048 (order: 1, 8192 bytes)
[    1.424786] Initializing cgroup subsys io
[    1.426630] Initializing cgroup subsys memory
[    1.428600] Initializing cgroup subsys devices
[    1.430564] Initializing cgroup subsys freezer
[    1.432924] Initializing cgroup subsys net_cls
[    1.434893] Initializing cgroup subsys perf_event
[    1.436903] Initializing cgroup subsys net_prio
[    1.438919] Initializing cgroup subsys hugetlb
[    1.443709] Initializing cgroup subsys pids
[    1.445801] CPU: Physical Processor ID: 0
[    1.447638] CPU: Processor Core ID: 0
[    1.449392] mce: CPU supports 0 MCE banks
[    1.451349] Last level iTLB entries: 4KB 128, 2MB 4, 4MB 4
[    1.453545] Last level dTLB entries: 4KB 256, 2MB 0, 4MB 32, 1GB 0
[    1.468389] Freeing SMP alternatives memory: 28K
[    1.490232] ftrace: allocating 31441 entries in 62 pages
[    1.594064] smpboot: APIC(0) Converting physical 0 to logical package 0
[    1.620808] smpboot: Max logical packages: 1
[    1.629379] Enabling APIC mode:  Flat.  Using 1 I/O APICs
[    1.634870] ..TIMER: vector=0x30 apic1=0 pin1=2 apic2=-1 pin2=-1
[    1.786110] APIC calibration not consistent with PM-Timer: 98ms instead of 100ms
[    1.813015] APIC delta adjusted to PM-Timer: 6351970 (6250131)
[    1.824510] smpboot: CPU0: Intel(R) Core(TM)2 Duo CPU     P8600  @ 2.40GHz (family: 0x6, model: 0x17, stepping: 0xa)
[    1.859956] Performance Events: unsupported p6 CPU model 23 no PMU driver, software events only.
[    1.885674] KVM setup paravirtual spinlock
[    1.890539] x86: Booting SMP configuration:
[    1.897256] .... node  #0, CPUs:      #1
[1266874885.530312] Initializing CPU#1
[    1.963205] kvm-clock: cpu 1, msr 0:37bfd041, secondary cpu clock
[    2.060560] mce: CPU supports 0 MCE banks
[    2.118278] x86: Booted up 1 node, 2 CPUs
[    2.120750] smpboot: Total of 2 processors activated (9575.52 BogoMIPS)
[    2.124306] devtmpfs: initialized
[    2.126418] evm: security.selinux
[    2.128043] evm: security.SMACK64
[    2.131689] evm: security.SMACK64EXEC
[    2.138873] evm: security.SMACK64TRANSMUTE
[    2.140692] evm: security.SMACK64MMAP
[    2.142411] evm: security.ima
[    2.143930] evm: security.capability
[    2.146052] clocksource: jiffies: mask: 0xffffffff max_cycles: 0xffffffff, max_idle_ns: 7645041785100000 ns
[    2.150019] futex hash table entries: 512 (order: 3, 32768 bytes)
[    2.152701] pinctrl core: initialized pinctrl subsystem
[    2.155109] RTC time: 13:54:54, date: 01/09/18
[    2.157395] NET: Registered protocol family 16
[    2.159737] EISA bus registered
[    2.170654] cpuidle: using governor ladder
[    2.202659] cpuidle: using governor menu
[    2.212179] PCCT header not found.
[    2.230275] ACPI: bus type PCI registered
[    2.254197] acpiphp: ACPI Hot Plug PCI Controller Driver version: 0.5
[    2.281493] PCI : PCI BIOS area is rw and x. Use pci=nobios if you want it NX.
[    2.284743] PCI: PCI BIOS revision 2.10 entry at 0xfda26, last bus=0
[    2.301147] PCI: Using configuration type 1 for base access
[    2.317121] ACPI: Added _OSI(Module Device)
[    2.321577] ACPI: Added _OSI(Processor Device)
[    2.323506] ACPI: Added _OSI(3.0 _SCP Extensions)
[    2.351278] ACPI: Added _OSI(Processor Aggregator Device)
[    2.378910] ACPI: Executed 1 blocks of module-level executable AML code
[    2.413776] ACPI: Interpreter enabled
[    2.416207] ACPI: (supports S0 S5)
[    2.418272] ACPI: Using IOAPIC for interrupt routing
[    2.421401] PCI: Using host bridge windows from ACPI; if necessary, use "pci=nocrs" and report a bug
[    2.430783] ACPI: PCI Root Bridge [PCI0] (domain 0000 [bus 00-ff])
[    2.433950] acpi PNP0A03:00: _OSC: OS supports [ASPM ClockPM Segments MSI]
[    2.437241] acpi PNP0A03:00: _OSC failed (AE_NOT_FOUND); disabling ASPM
[    2.440485] acpi PNP0A03:00: fail to add MMCONFIG information, can't access extended PCI configuration space under this bridge.
[    2.447605] PCI host bridge to bus 0000:00
[    2.449913] pci_bus 0000:00: root bus resource [io  0x0000-0x0cf7 window]
[    2.482741] pci_bus 0000:00: root bus resource [io  0x0d00-0xffff window]
[    2.485950] pci_bus 0000:00: root bus resource [mem 0x000a0000-0x000bffff window]
[    2.490127] pci_bus 0000:00: root bus resource [mem 0x40000000-0xffdfffff window]
[    2.494239] pci_bus 0000:00: root bus resource [bus 00-ff]
[    2.500639] pci 0000:00:01.1: legacy IDE quirk: reg 0x10: [io  0x01f0-0x01f7]
[    2.504481] pci 0000:00:01.1: legacy IDE quirk: reg 0x14: [io  0x03f6]
[    2.507888] pci 0000:00:01.1: legacy IDE quirk: reg 0x18: [io  0x0170-0x0177]
[    2.511644] pci 0000:00:01.1: legacy IDE quirk: reg 0x1c: [io  0x0376]
[    2.647943] ACPI: PCI Interrupt Link [LNKA] (IRQs 5 9 10 11) *0, disabled.
[    2.661239] ACPI: PCI Interrupt Link [LNKB] (IRQs 5 9 10 *11)
[    2.664650] ACPI: PCI Interrupt Link [LNKC] (IRQs 5 9 *10 11)
[    2.669817] ACPI: PCI Interrupt Link [LNKD] (IRQs 5 *9 10 11)
[    2.674020] ACPI: Enabled 2 GPEs in block 00 to 07
[    2.678390] vgaarb: setting as boot device: PCI:0000:00:02.0
[    2.681183] vgaarb: device added: PCI:0000:00:02.0,decodes=io+mem,owns=io+mem,locks=none
[    2.685551] vgaarb: loaded
[    2.687237] vgaarb: bridge control possible 0000:00:02.0
[    2.691461] SCSI subsystem initialized
[    2.694368] ACPI: bus type USB registered
[    2.698126] usbcore: registered new interface driver usbfs
[    2.700410] usbcore: registered new interface driver hub
[    2.703994] usbcore: registered new device driver usb
[    2.712371] PCI: Using ACPI for IRQ routing
[    2.715212] NetLabel: Initializing
[    2.716879] NetLabel:  domain hash size = 128
[    2.721287] NetLabel:  protocols = UNLABELED CIPSOv4
[    2.723439] NetLabel:  unlabeled traffic allowed by default
[    2.727713] amd_nb: Cannot enumerate AMD northbridges
[    2.730011] clocksource: Switched to clocksource kvm-clock
[   2.751527] AppArmor: AppArmor Filesystem Enabled
[    2.802723] pnp: PnP ACPI init
[    2.805683] pnp: PnP ACPI: found 3 devices
[    2.807541] PnPBIOS: Disabled by ACPI PNP
[    2.858702] clocksource: acpi_pm: mask: 0xffffff max_cycles: 0xffffff, max_idle_ns: 2085701024 ns
[   2.863964] NET: Registered protocol family 2

[    2.910592] TCP established hash table enris:812 (order: 3, 32768 bytes)
[    3.093971] TCP bind hash table entries: 8192 (order: 4, 65536 bytes)
[    3.096499] TCP: Hash tables configured (established 8192 bind 8192)
[    3.099038] UDP hash tbl entries: 512 (order: 2, 16384 bytes)
[    3.188850] UDP-Lite hash table entries: 512 (order: 2, 16384 bytes)
[    3.191444]NET: Registered protocol family 1
[    3.237293] pci 0000:00:00.0: Limiting direct PCI/PCI transfers
[    3.239622] pci 0000:00:01.0: Activating ISA DMA hang workarounds
[  3244258] Unpacking initramfs...

[  586241] Freininitrd memory: 10748K

[    6.188324] platform rtc_cmos: registered platform RTC device (no PNP device found)
[    6.202269] Scanning for low memory corruption every 60 seconds
[    6.205250] audit: initializing netlink subsys (disabled)
[    6.207539] audit: type=2000 audit(1515506101.846:1): initialized
[    6.216367] Initialise system trusted keyring
[    6.225378] HugeTLB registered 2 MB page size, pre-allocated 0 pages
[   6.237635] zbud: loaded

[    6.283378] VFS: Disk quotas dquot_6.6.0
[    6.291311] VFS: Dquot-cache hash table entries: 1024 (order 0, 4096 bytes)
[    6.294437] squashfs: version 4.0 (2009/01/31) Phillip Lougher
[    6.297700] fuse init (API version 7.23)
[    6.300034] Key type big_key registered
[    6.325846] Allocating IMA MOK and blacklist keyrings.
[    6.333888] Key type asymmetric registered
[    6.368795] Asymmetric key parser 'x509' registered
[    6.371029] bounce: pool size: 64 pages
[    6.372938] Block layer SCSI generic (bsg) driver version 0.4 loaded (major 249)
[    6.377921] io scheduler noop registered
[    6.379852] io scheduler deadline registered (default)
[    6.382119] io scheduler cfq registered
[    6.384107] pci_hotplug: PCI Hot Plug PCI Core version: 0.5
[    6.386360] pciehp: PCI Express Hot Plug Controller Driver version: 0.4
[    6.410184] ACPI: AC Adapter [AC] (on-line)
[    6.424421] input: Power Button as /devices/LNXSYSTM:00/LNXPWRBN:00/input/input0
[    6.428927] ACPI: Power Button [PWRF]
[    6.430751] input: Sleep Button as /devices/LNXSYSTM:00/LNXSLPBN:00/input/input1
[    6.434015] ACPI: Sleep Button [SLPF]
[    6.443096] GHES: HEST is not enabled!
[    6.444631] ACPI: Battery Slot [BAT0] (battery present)
[    6.453143] isapnp: Scanning for PnP cards...
[    6.465854] Serial: 8250/16550 driver, 32 ports, IRQ sharing enabled
[    6.494357] 00:02: ttyS0 at I/O 0x3f8 (irq = 4, base_baud = 115200) is a 16550A
[    6.534152] Linux agpgart interface v0.103
[    6.563751] loop: module loaded
[    6.585445] scsi host0: ata_piix
[    6.610674] scsi host1: ata_piix
[    6.630539] ata1: PATA max UDMA/33 cmd 0x1f0 ctl 0x3f6 bmdma 0xd000 irq 14
[    6.654716] ata2: PATA max UDMA/33 cmd 0x170 ctl 0x376 bmdma 0xd008 irq 15
[    6.659827] libphy: Fixed MDIO Bus: probed
[    6.677891] tun: Universal TUN/TAP device driver, 1.6
[    6.687063] tun: (C) 1999-2004 Max Krasnyansky <maxk@qualcomm.com>
[    6.689671] PPP generic driver version 2.4.2
[    6.692877] ehci_hcd: USB 2.0 'Enhanced' Host Controller (EHCI) Driver
[    6.710305] ehci-pci: EHCI PCI platform driver
[    6.736044] ehci-platform: EHCI generic platform driver
[    6.747112] ohci_hcd: USB 1.1 'Open' Host Controller (OHCI) Driver
[    6.751095] ohci-pci: OHCI PCI platform driver
[    6.754349] ohci-platform: OHCI generic platform driver
[    6.758610] uhci_hcd: USB Universal Host Controller Interface driver
[    6.769923] i8042: PNP: PS/2 Controller [PNP0303:PS2K,PNP0f03:PS2M] at 0x60,0x64 irq 1,12
[    6.797537] serio: i8042 KBD port at 0x60,0x64 irq 1
[    6.829054] serio: i8042 AUX port at 0x60,0x64 irq 12
[    6.860285] isapnp: No Plug & Play device found
[    6.870592] mousedev: PS/2 mouse device common for all mice
[    6.873513] input: AT Translated Set 2 keyboard as /devices/platform/i8042/serio0/input/input2
[    6.878174] rtc_cmos rtc_cmos: rtc core: registered rtc_cmos as rtc0
[    6.883869] rtc_cmos rtc_cmos: alarms up to one day, 114 bytes nvram
[    6.886383] i2c /dev entries driver
[    6.888260] device-mapper: uevent: version 1.0.3
[    6.890733] device-mapper: ioctl: 4.34.0-ioctl (2015-10-28) initialised: dm-devel@redhat.com
[    6.901805] platform eisa.0: Probing EISA bus 0
[    6.904306] platform eisa.0: EISA: Cannot allocate resource for mainboard
[    6.907847] platform eisa.0: Cannot allocate resource for EISA slot 1
[    6.910924] platform eisa.0: Cannot allocate resource for EISA slot 2
[    6.913908] platform eisa.0: Cannot allocate resource for EISA slot 3
[    6.917061] platform eisa.0: Cannot allocate resource for EISA slot 4
[    6.920119] platform eisa.0: Cannot allocate resource for EISA slot 5
[    6.923158] platform eisa.0: Cannot allocate resource for EISA slot 6
[    6.926312] platform eisa.0: Cannot allocate resource for EISA slot 7
[    6.929524] platform eisa.0: Cannot allocate resource for EISA slot 8
[    6.932676] platform eisa.0: EISA: Detected 0 cards
[    6.935214] cpufreq-nforce2: No nForce2 chipset.
[    6.937640] ledtrig-cpu: registered to indicate activity on CPUs
[    6.941163] NET: Registered protocol family 10
[    6.953844] NET: Registered protocol family 17
[    6.956250] Key type dns_resolver registered
[    6.959104] microcode: CPU0 sig=0x1067a, pf=0x40, revision=0x60b
[    6.998143] microcode: CPU1 sig=0x1067a, pf=0x40, revision=0x60b
[    7.001364] microcode: Microcode Update Driver: v2.01 <tigran@aivazian.fsnet.co.uk>, Peter Oruba
[    7.005261] Using IPI No-Shortcut mode
[    7.023580] registered taskstats version 1
[    7.025435] Loading compiled-in X.509 certificates
[    7.031238] Loaded X.509 cert 'Build time autogenerated kernel key: 61680777b0781d919fde26ef1e45786ce4ad0574'
[    7.040295] zswap: loaded using pool lzo/zbud
[    7.055303] Key type trusted registered
[    7.097537] Key type encrypted registered
[    7.110330] AppArmor: AppArmor sha1 policy hashing enabled
[    7.112564] ima: No TPM chip found, activating TPM-bypass!
[    7.116502] evm: HMAC attrs: 0x1
[    7.120173]   Magic number: 2:912:937
[    7.127333] misc lightnvm: hash matches
[    7.129261] acpi PNP0103:00: hash matches
[    7.131525] rtc_cmos rtc_cmos: setting system clock to 2018-01-09 13:54:59 UTC (1515506099)
[    7.135443] BIOS EDD facility v0.16 2004-Jun-25, 0 devices found
[    7.137812] EDD information not available.
[    7.145082] Freeing unused kernel memory: 940K
[    7.154056] Write protecting the kernel text: 7972k
[    7.159097] Write protecting the kernel read-only data: 3172k
[    7.161419] NX-protecting the kernel data: 6364k
Loading, please wait...
starting version 229
[    7.361648] random: systemd-udevd: uninitialized urandom read (16 bytes read, 1 bits of entropy available)
[    7.367636] random: systemd-udevd: uninitialized urandom read (16 bytes read, 1 bits of entropy available)
[    7.373112] random: systemd-udevd: uninitialized urandom read (16 bytes read, 1 bits of entropy available)
[    7.376829] random: udevadm: uninitialized urandom read (16 bytes read, 1 bits of entropy available)
[    7.583638] random: udevadm: uninitialized urandom read (16 bytes read, 1 bits of entropy available)
[    7.606859] random: udevadm: uninitialized urandom read (16 bytes read, 1 bits of entropy available)
[    7.611480] random: udevadm: uninitialized urandom read (16 bytes read, 1 bits of entropy available)
[    7.615616] random: udevadm: uninitialized urandom read (16 bytes read, 1 bits of entropy available)
[    7.619747] random: udevadm: uninitialized urandom read (16 bytes read, 1 bits of entropy available)
[    7.624085] random: udevadm: uninitialized urandom read (16 bytes read, 1 bits of entropy available)
[    7.858432] e1000: Intel(R) PRO/1000 Network Driver - version 7.3.21-k8-NAPI
[    7.892353] e1000: Copyright (c) 1999-2006 Intel Corporation.
[    7.942101] Fusion MPT base driver 3.04.20
[    7.944983] Copyright (c) 1999-2008 LSI Corporation
[    8.016572] Fusion MPT SPI Host driver 3.04.20
[    8.105774] input: ImExPS/2 Generic Explorer Mouse as /devices/platform/i8042/serio1/input/input4
[    8.203034] tsc: Refined TSC clocksource calibration: 2390.642 MHz
[    8.252215] clocksource: tsc: mask: 0xffffffffffffffff max_cycles: 0x2275af45cd1, max_idle_ns: 440795305125 ns
[    8.479928] e1000 0000:00:03.0 eth0: (PCI:33MHz:32-bit) 02:57:70:43:80:c6
[    8.483335] e1000 0000:00:03.0 eth0: Intel(R) PRO/1000 Network Connection
[    8.491470] mptbase: ioc0: Initiating bringup
[    8.554836] ioc0: LSI53C1030 A0: Capabilities={Initiator}
[    8.723809] scsi host2: ioc0: LSI53C1030 A0, FwRev=00000000h, Ports=1, MaxQ=256, IRQ=20
[    8.861547] scsi 2:0:0:0: Direct-Access     VBOX     HARDDISK         1.0  PQ: 0 ANSI: 5
[    8.884077] scsi target2:0:0: Beginning Domain Validation
[    8.894971] scsi target2:0:0: Domain Validation skipping write tests
[    8.908022] scsi target2:0:0: Ending Domain Validation
[    8.911457] scsi target2:0:0: asynchronous
[    8.962250] scsi 2:0:1:0: Direct-Access     VBOX     HARDDISK         1.0  PQ: 0 ANSI: 5
[    8.966643] scsi target2:0:1: Beginning Domain Validation
[    9.019753] scsi target2:0:1: Domain Validation skipping write tests
[    9.081482] scsi target2:0:1: Ending Domain Validation
[    9.121827] scsi target2:0:1: asynchronous
[    9.188183] sd 2:0:0:0: Attached scsi generic sg0 type 0
[    9.245615] sd 2:0:1:0: Attached scsi generic sg1 type 0
[    9.291185] sd 2:0:0:0: [sda] 20971520 512-byte logical blocks: (10.7 GB/10.0 GiB)
[    9.294709] sd 2:0:1:0: [sdb] 20480 512-byte logical blocks: (10.5 MB/10.0 MiB)
[    9.300448] sd 2:0:0:0: [sda] Write Protect is off
[    9.303048] sd 2:0:1:0: [sdb] Write Protect is off
[    9.305807] sd 2:0:0:0: [sda] Incomplete mode parameter data
[    9.308274] sd 2:0:0:0: [sda] Assuming drive cache: write through
[    9.310628] sd 2:0:1:0: [sdb] Incomplete mode parameter data
[    9.310630] sd 2:0:1:0: [sdb] Assuming drive cache: write through
[    9.353107] e1000 0000:00:08.0 eth1: (PCI:33MHz:32-bit) 08:00:27:e1:cf:a9
[    9.439248] e1000 0000:00:08.0 eth1: Intel(R) PRO/1000 Network Connection
[    9.439420]  sda: sda1
[    9.460199] e1000 0000:00:08.0 enp0s8: renamed from eth1
[    9.460374] sd 2:0:0:0: [sda] Attached SCSI disk
[    9.460812] sd 2:0:1:0: [sdb] Attached SCSI disk
[    9.491213] e1000 0000:00:03.0 enp0s3: renamed from eth0
[   10.991440] floppy0: no floppy controllers found
Begin: Loading essential drivers ... [   13.659364] md: linear personality registered for level -1
[   13.710638] md: multipath personality registered for level -4
[   13.756405] md: raid0 personality registered for level 0
[   13.819305] md: raid1 personality registered for level 1
[   13.998526] raid6: mmxx1    gen()  2916 MB/s
[   14.074282] raid6: mmxx2    gen()  3391 MB/s
[   14.146283] raid6: sse1x1   gen()  1981 MB/s
[   14.218300] raid6: sse1x2   gen()  2645 MB/s
[   14.286315] raid6: sse2x1   gen()  3528 MB/s
[   14.358341] raid6: sse2x1   xor()  4016 MB/s
[   14.462362] raid6: sse2x2   gen()  4082 MB/s
[   14.558368] raid6: sse2x2   xor()  4817 MB/s
[   14.593040] raid6: using algorithm sse2x2 gen() 4082 MB/s
[   14.623708] raid6: .... xor() 4817 MB/s, rmw enabled
[   14.656506] raid6: using ssse3x1 recovery algorithm
[   14.701449] xor: measuring software checksum speed
[   14.810469]    pIII_sse  :  5221.000 MB/sec
[   14.850411]    prefetch64-sse:  9295.000 MB/sec
[   14.852805] xor: using function: prefetch64-sse (9295.000 MB/sec)
[   14.892096] async_tx: api initialized (async)
[   15.018782] md: raid6 personality registered for level 6
[   15.021938] md: raid5 personality registered for level 5
[   15.025147] md: raid4 personality registered for level 4
[   15.137837] md: raid10 personality registered for level 10
done.
Begin: Running /scripts/init-premount ... done.
Begin: Mounting root file system ... Begin: Running /scripts/local-top ... done.
Begin: Running /scripts/local-premount ... [   15.380392] Btrfs loaded
Scanning for Btrfs filesystems
done.
Warning: fsck not present, so sk[   15.752233] EXT4-fs (sda1): INFO: recovery required on readonly filesystem
ipping root file system
[   15.766094] EXT4-fs (sda1): write access will be enabled during recovery
[   15.903696] EXT4-fs (sda1): orphan cleanup on readonly fs
[   16.264337] EXT4-fs (sda1): 5 orphan inodes deleted
[   16.267022] EXT4-fs (sda1): recovery complete
[   16.271177] EXT4-fs (sda1): mounted filesystem with ordered data mode. Opts: (null)
done.
Begin: Running /scripts/local-bottom ... done.
Begin: Running /scripts/init-bottom ... done.
[   16.700708] random: nonblocking pool is initialized
[   17.225635] systemd[1]: systemd 229 running in system mode. (+PAM +AUDIT +SELINUX +IMA +APPARMOR +SMACK +SYSVINIT +UTMP +LIBCRYPTSETUP +GCRYPT +GNUTLS +ACL +XZ -LZ4 +SECCOMP +BLKID +ELFUTILS +KMOD -IDN)
[   17.234509] systemd[1]: Detected virtualization oracle.
[   17.236706] systemd[1]: Detected architecture x86.

Welcome to [1mUbuntu 16.04.3 LTS[0m!

[   17.303638] systemd[1]: Set hostname to <ubuntu-xenial>.
[   18.595294] systemd[1]: Started Forward Password Requests to Wall Directory Watch.
[[0;32m  OK  [0m] Started Forward Password Requests to Wall Directory Watch.
[   18.617805] systemd[1]: Set up automount Arbitrary Executable File Formats File System Automount Point.
[[0;32m  OK  [0m] Set up automount Arbitrary Executab...ats File System Automount Point.
[   18.624443] systemd[1]: Listening on udev Control Socket.
[[0;32m  OK  [0m] Listening on udev Control Socket.
[   18.628636] systemd[1]: Listening on Journal Audit Socket.
[[0;32m  OK  [0m] Listening on Journal Audit Socket.
[   18.644973] systemd[1]: Listening on Syslog Socket.
[[0;32m  OK  [0m] Listening on Syslog Socket.
[   18.680065] systemd[1]: Reached target User and Group Name Lookups.
[[0;32m  OK  [0m] Reached target User and Group Name Lookups.
[   18.725920] systemd[1]: Reached target Swap.
[[0;32m  OK  [0m] Reached target Swap.
[   18.743292] systemd[1]: Listening on Journal Socket.
[[0;32m  OK  [0m] Listening on Journal Socket.
[   18.758036] systemd[1]: Listening on Device-mapper event daemon FIFOs.
[[0;32m  OK  [0m] Listening on Device-mapper event daemon FIFOs.
[   18.784998] systemd[1]: Listening on Journal Socket (/dev/log).
[[0;32m  OK  [0m] Listening on Journal Socket (/dev/log).
[   18.814352] systemd[1]: Reached target Encrypted Volumes.
[[0;32m  OK  [0m] Reached target Encrypted Volumes.
[   18.835143] systemd[1]: Listening on LVM2 metadata daemon socket.
[[0;32m  OK  [0m] Listening on LVM2 metadata daemon socket.
[   18.863169] systemd[1]: Listening on udev Kernel Socket.
[[0;32m  OK  [0m] Listening on udev Kernel Socket.
[   18.891346] systemd[1]: Created slice User and Session Slice.
[[0;32m  OK  [0m] Created slice User and Session Slice.
[   18.927450] systemd[1]: Listening on /dev/initctl Compatibility Named Pipe.
[[0;32m  OK  [0m] Listening on /dev/initctl Compatibility Named Pipe.
[   18.965646] systemd[1]: Created slice System Slice.
[[0;32m  OK  [0m] Created slice System Slice.
[   18.979583] systemd[1]: Reached target Slices.
[[0;32m  OK  [0m] Reached target Slices.
[   19.051730] systemd[1]: Starting Uncomplicated firewall...
         Starting Uncomplicated firewall...
[   19.076401] systemd[1]: Starting Set console keymap...
         Starting Set console keymap...
[   19.173620] systemd[1]: Starting Nameserver information manager...
         Starting Nameserver information manager...
[   19.324616] systemd[1]: Starting Monitoring of LVM2 mirrors, snapshots etc. using dmeventd or progress polling...
         Starting Monitoring of LVM2 mirrors... dmeventd or progress polling...
[   19.391085] systemd[1]: Mounting POSIX Message Queue File System...
         Mounting POSIX Message Queue File System...
[   19.628320] systemd[1]: Starting Load Kernel Modules...
         Starting Load Kernel Modules...
[   19.688695] systemd[1]: Starting Journal Service...
         Starting Journal Service...
[   19.732053] systemd[1]: Starting Remount Root and Kernel File Systems...
         Starting Remount Root and Kernel File Systems...
[   19.767764] EXT4-fs (sda1): re-mounted. Opts: (null)
[   19.771253] systemd[1]: Mounting Debug File System...
         Mounting Debug File System...
[   19.907072] systemd[1]: Created slice system-serial\x2dgetty.slice.
[[0;32m  OK  [0m] Created slice system-serial\x2dg[   19.914473] Loading iSCSI transport class v2.0-870.
etty.slice.
[   19.961462] systemd[1]: Mounting Huge Pages File System...
         Mounting Huge Pages File System...
[   20.051811] iscsi: registered transport (tcp)
[   20.057856] systemd[1]: Starting Create list of required static device nodes for the current kernel...
         Starting Create list of required st... nodes for the current kernel...
[   20.090536] systemd[1]: Listening on LVM2 poll daemon socket.
[[0;32m  OK  [0m] Listening on LVM2 poll daemon socket.
[   20.128231] systemd[1]: Started Trigger resolvconf update for networkd DNS.
[[0;32m  OK  [0m] Started Trigger resolvconf update for networkd DNS.
[   20.177357] systemd[1]: Mounted Debug File System.
[[0;32m  OK  [0m] Mounted Debug File System.
[   20.198607] systemd[1]: Mounted POSIX Message Queue File System.
[[0;32m  OK  [0m] Mounted POSI[   20.212303] iscsi: registered transport (iser)
X Message Queue File System.
[   20.226251] systemd[1]: Mounted Huge Pages File System.
[[0;32m  OK  [0m] Mounted Huge Pages File System.
[   20.282790] systemd[1]: Started Journal Service.
[[0;32m  OK  [0m] Started Journal Service.
[[0;32m  OK  [0m] Started Uncomplicated firewall.
[[0;32m  OK  [0m] Started Set console keymap.
[[0;32m  OK  [0m] Started Load Kernel Modules.
[[0;32m  OK  [0m] Started Remount Root and Kernel File Systems.
[[0;32m  OK  [0m] Started Create list of required sta...ce nodes for the current kernel.
[[0;32m  OK  [0m] Started Nameserver information manager.
[[0;32m  OK  [0m] Started LVM2 metadata daemon.
         Starting Create Static Device Nodes in /dev...
         Starting udev Coldplug all Devices...
         Starting Load/Save Random Seed...
         Starting Initial cloud-init job (pre-networking)...
         Starting Apply Kernel Variables...
         Mounting FUSE Control File System...
         Starting Flush Journal to Persistent Storage...
[[0;32m  OK  [0m] Mounted FUSE Control File System.
[[0;32m  OK  [0m] Started Load/Save Random Seed.
[[0;32m  OK  [0m] Started Apply Kernel Variables.
[[0;32m  OK  [0m] Started Create Static Device Nodes in /dev.
[[0;32m  OK  [0m] Started Monitoring of LVM2 mirrors,...ng dmeventd or progress polling.
         Starting udev Kernel Device Manager...
[[0;32m  OK  [0m] Started Flush Journal to Persistent Storage.
[[0;32m  OK  [0m] Started udev Coldplug all Devices.
[[0;32m  OK  [0m] Started udev Kernel Device Manager.
[[0;32m  OK  [0m] Started Dispatch Password Requests to Console Directory Watch.
[[0;32m  OK  [0m] Reached target Local File Systems (Pre).
[[0;32m  OK  [0m] Reached target Local File Systems.
         Starting LSB: AppArmor initialization...
         Starting Create Volatile Files and Directories...
         Starting Set console font and keymap...
         Starting Tell Plymouth To Write Out Runtime Data...
[[0;32m  OK  [0m] Started Create Volatile Files and Directories.
[[0;32m  OK  [0m] Reached target System Time Synchronized.
         Starting Update UTMP about System Boot/Shutdown...
[[0;32m  OK  [0m] Started Update UTMP about System Boot/Shutdown.
[[0;32m  OK  [0m] Started Tell Plymouth To Write Out Runtime Data.
[[0;32m  OK  [0m] Found device /dev/ttyS0.
[[0;32m  OK  [0m] Listening on Load/Save RF Kill Switch Status /dev/rfkill Watch.
[[0;32m  OK  [0m] Started Set console font and keymap.
[[0;32m  OK  [0m] Created slice system-getty.slice.
[[0;32m  OK  [0m] Started LSB: AppArmor initialization.
[[0;32m  OK  [0m] Found device 82540EM Gigabit Ethern...r (PRO/1000 MT Desktop Adapter).
[[0;32m  OK  [0m] Found device 82540EM Gigabit Ethern...r (PRO/1000 MT Desktop Adapter).
[   27.522926] cloud-init[443]: Cloud-init v. 17.1 running 'init-local' at Tue, 09 Jan 2018 13:55:20 +0000. Up 26.25 seconds.
[[0;32m  OK  [0m] Started Initial cloud-init job (pre-networking).
[[0;32m  OK  [0m] Reached target Network (Pre).
[[0;32m  OK  [0m] Started ifup for enp0s8.
[[0;32m  OK  [0m] Started ifup for enp0s3.
         Starting Raise network interfaces...
[[0;32m  OK  [0m] Started Raise network interfaces.
         Starting Initial cloud-init job (metadata service crawler)...
[[0;32m  OK  [0m] Reached target Network.
[   33.573099] cloud-init[1058]: Cloud-init v. 17.1 running 'init' at Tue, 09 Jan 2018 13:55:25 +0000. Up 31.20 seconds.
[   33.582808] cloud-init[1058]: ci-info: ++++++++++++++++++++++++++++++++++++++Net device info++++++++++++++++++++++++++++++++++++++
[   33.587675] cloud-init[1058]: ci-info: +--------+------+-----------------------------+---------------+-------+-------------------+
[   33.598896] cloud-init[1058]: ci-info: | Device |  Up  |           Address           |      Mask     | Scope |     Hw-Address    |
[   33.604041] cloud-init[1058]: ci-info: +--------+------+-----------------------------+---------------+-------+-------------------+
[   33.633151] cloud-init[1058]: ci-info: | enp0s3 | True |          10.0.2.15          | 255.255.255.0 |   .   | 02:57:70:43:80:c6 |
[   33.638687] cloud-init[1058]: ci-info: | enp0s3 | True |  fe80::57:70ff:fe43:80c6/64 |       .       |  link | 02:57:70:43:80:c6 |
[   33.643998] cloud-init[1058]: ci-info: | enp0s8 | True |       192.168.195.146       | 255.255.255.0 |   .   | 08:00:27:e1:cf:a9 |
[   33.669323] cloud-init[1058]: ci-info: | enp0s8 | True | fe80::a00:27ff:fee1:cfa9/64 |       .       |  link | 08:00:27:e1:cf:a9 |
[   33.673683] cloud-init[1058]: ci-info: |   lo   | True |          127.0.0.1          |   255.0.0.0   |   .   |         .         |
[   33.678042] cloud-init[1058]: ci-info: |   lo   | True |           ::1/128           |       .       |  host |         .         |
[   33.725385] cloud-init[1058]: ci-info: +--------+------+-----------------------------+---------------+-------+-------------------+
[   33.729182] cloud-init[1058]: ci-info: ++++++++++++++++++++++++++++Route IPv4 info+++++++++++++++++++++++++++++
[   33.739709] cloud-init[1058]: ci-info: +-------+---------------+----------+---------------+-----------+-------+
[   33.743162] cloud-init[1058]: ci-info: | Route |  Destination  | Gateway  |    Genmask    | Interface | Flags |
[   33.746621] cloud-init[1058]: ci-info: +-------+---------------+----------+---------------+-----------+-------+
[   33.750218] cloud-init[1058]: ci-info: |   0   |    0.0.0.0    | 10.0.2.2 |    0.0.0.0    |   enp0s3  |   UG  |
[   33.759298] cloud-init[1058]: ci-info: |   1   |    10.0.2.0   | 0.0.0.0  | 255.255.255.0 |   enp0s3  |   U   |
[   33.780654] cloud-init[1058]: ci-info: |   2   | 192.168.195.0 | 0.0.0.0  | 255.255.255.0 |   enp0s8  |   U   |
[   33.805266] cloud-init[1058]: ci-info: +-------+---------------+----------+---------------+-----------+-------+
[[0;32m  OK  [0m] Started Initial cloud-init job (metadata service crawler).
[[0;32m  OK  [0m] Reached target Network is Online.
         Starting iSCSI initiator daemon (iscsid)...
[[0;32m  OK  [0m] Reached target Cloud-config availability.
[[0;32m  OK  [0m] Reached target System Initialization.
[[0;32m  OK  [0m] Listening on UUID daemon activation socket.
[[0;32m  OK  [0m] Started Daily Cleanup of Temporary Directories.
[[0;32m  OK  [0m] Started Timer to automatically refresh installed snaps.
[[0;32m  OK  [0m] Listening on D-Bus System Message Bus Socket.
         Starting LXD - unix socket.
         Starting Socket activation for snappy daemon.
[[0;32m  OK  [0m] Started ACPI Events Check.
[[0;32m  OK  [0m] Reached target Paths.
[[0;32m  OK  [0m] Listening on ACPID Listen Socket.
[[0;32m  OK  [0m] Started Daily apt download activities.
[[0;32m  OK  [0m] Started Daily apt upgrade and clean activities.
[[0;32m  OK  [0m] Reached target Timers.
[[0;32m  OK  [0m] Listening on LXD - unix socket.
[[0;32m  OK  [0m] Listening on Socket activation for snappy daemon.
[[0;32m  OK  [0m] Started iSCSI initiator daemon (iscsid).
         Starting Login to default iSCSI targets...
[[0;32m  OK  [0m] Reached target Sockets.
[[0;32m  OK  [0m] Reached target Basic System.
         Starting Accounts Service...
         Starting /etc/rc.local Compatibility...
         Starting System Logging Service...
         Starting LSB: Record successful boot for GRUB...
         Starting Login Service...
         Starting Snappy daemon...
         Starting LSB: MD monitoring daemon...
         Starting The PHP 7.0 FastCGI Process Manager...
         Starting OpenBSD Secure Shell server...
[[0;32m  OK  [0m] Started D-Bus System Message Bus.
[[0;32m  OK  [0m] Started Unattended Upgrades Shutdown.
         Starting A high performance web server and a reverse proxy server...
[[0;32m  OK  [0m] Started FUSE filesystem for LXC.
         Starting MySQL Community Server...
         Starting Apply the settings specified in cloud-config...
[[0;32m  OK  [0m] Started Deferred execution scheduler.
[[0;32m  OK  [0m] Started ACPI event daemon.
[[0;32m  OK  [0m] Started Regular background program processing daemon.
         Starting LXD - container startup/shutdown...
[[0;32m  OK  [0m] Started System Logging Service.
[[0;32m  OK  [0m] Started OpenBSD Secure Shell server.
[[0;32m  OK  [0m] Started /etc/rc.local Compatibility.
[[0;32m  OK  [0m] Started LSB: Record successful boot for GRUB.
[[0;32m  OK  [0m] Started Login to default iSCSI targets.
[[0;32m  OK  [0m] Started Login Service.
         Starting Authenticate and Authorize Users to Run Privileged Tasks...
[[0;32m  OK  [0m] Reached target Remote File Systems (Pre).
[[0;32m  OK  [0m] Reached target Remote File Systems.
         Starting Permit User Sessions...
         Starting LSB: automatic crash report generation...
         Starting LSB: VirtualBox Linux Additions...
         Starting LSB: daemon to balance interrupts for SMP systems...
         Starting LSB: Set the CPU Frequency Scaling governor to "ondemand"...
[[0;32m  OK  [0m] Started LSB: MD monitoring daemon.
[[0;32m  OK  [0m] Started Permit User Sessions.
[[0;32m  OK  [0m] Started Authenticate and Authorize Users to Run Privileged Tasks.
[[0;32m  OK  [0m] Started Accounts Service.
         Starting Hold until boot process finishes up...
         Starting Terminate Plymouth Boot Screen...
[[0;32m  OK  [0m] Started LSB: Set the CPU Frequency Scaling governor to "ondemand".
[[0;32m  OK  [0m] Started Hold until boot process finishes up.
[[0;32m  OK  [0m] Started LSB: daemon to balance interrupts for SMP systems.
[[0;32m  OK  [0m] Started LSB: automatic crash report generation.
[[0;32m  OK  [0m] Started Terminate Plymouth Boot Screen.
[[0;32m  OK  [0m] Created slice User Slice of ubuntu.
[   40.161032] cloud-init[1175]: Cloud-init v. 17.1 running 'modules:config' at Tue, 09 Jan 2018 13:55:32 +0000. Up 38.63 seconds.
[[0;32m  OK  [0m] Started Session 1 of user ubuntu.
         Starting User Manager for UID 1000...
         Starting Set console scheme...
[[0;32m  OK  [0m] Started Getty on tty1.
[[0;32m  OK  [0m] Started Serial Getty on ttyS0.
[[0;32m  OK  [0m] Reached target Login Prompts.
[[0;32m  OK  [0m] Started Apply the settings specified in cloud-config.
[[0;32m  OK  [0m] Started Set console scheme.
[[0;32m  OK  [0m] Started LSB: VirtualBox Linux Additions.
[[0;32m  OK  [0m] Started A high performance web server and a reverse proxy server.
[[0;32m  OK  [0m] Started User Manager for UID 1000.
[[0;32m  OK  [0m] Started Snappy daemon.
[[0;32m  OK  [0m] Started LXD - container startup/shutdown.
[[0;32m  OK  [0m] Started The PHP 7.0 FastCGI Process Manager.

Ubuntu 16.04.3 LTS ubuntu-xenial ttyS0

ubuntu-xenial login: [   48.807484] cloud-init[1482]: Cloud-init v. 17.1 running 'modules:final' at Tue, 09 Jan 2018 13:55:42 +0000. Up 48.17 seconds.
[   48.808253] cloud-init[1482]: Cloud-init v. 17.1 finished at Tue, 09 Jan 2018 13:55:43 +0000. Datasource DataSourceNoCloud [seed=/dev/sdb][dsmode=net].  Up 48.79 seconds
